// Jest Snapshot v1, https://goo.gl/fbAQLP

exports[`Dial.vue renders value on dial 1`] = `
<div><canvas height="0" width="0">22</canvas>
  <h5>Test Dial: 22<span>%</span></h5>
</div>
`;
