// Jest Snapshot v1, https://goo.gl/fbAQLP

exports[`Home.vue renders home screen 1`] = `
<b-jumbotron bg-variant="primary" text-variant="white" border-variant="dark">
  <hr>
  <div class="dimmed-box">
    <p><img src="../assets/octocat.png" class="icon">
      <b-button href="https://github.com/benc-uk/vuego-demoapp" variant="info"> GitHub Project </b-button> <img src="../assets/docker.png" class="icon" style="margin-left: 50px;">
      <b-button href="https://github.com/users/benc-uk/packages/container/package/vuego-demoapp" variant="info">
        Docker Images
      </b-button>
    </p>
    <hr>
    <p><img src="../assets/go.svg" class="icon">
      <b-button href="https://azure.microsoft.com/en-gb/develop/go/" variant="info">
        Get started with Azure &amp; Go
      </b-button>
    </p> <br>
    <p>Microsoft ‚ù§ Open Source</p>
  </div>
</b-jumbotron>
`;
