// Jest Snapshot v1, https://goo.gl/fbAQLP

exports[`Info.vue renders info screen 1`] = `
<div>
  <!---->
  <!---->
  <div class="card">
    <div class="card-header bg-success h3">
      <fa icon="cogs"></fa>&nbsp; System Information
    </div>
    <div class="card-body">
      <table class="table table-hover table-sm table-striped">
        <tbody>
          <tr>
            <td>
              <fa icon="fab,docker" fixed-width=""></fa> Containerized
            </td>
            <td>Running in a container! üòÅ</td>
          </tr>
          <tr>
            <td>
              <fa icon="dharmachakra" fixed-width=""></fa> Kubernetes
            </td>
            <td>Running in Kubernetes! üòÑ</td>
          </tr>
          <tr>
            <td>
              <fa icon="home" fixed-width=""></fa> Hostname
            </td>
            <td>test</td>
          </tr>
          <tr>
            <td>
              <fa icon="wrench" fixed-width=""></fa> Platform
            </td>
            <td>PDP-11 98 bit</td>
          </tr>
          <tr>
            <td>
              <fa icon="laptop-code" fixed-width=""></fa> Operating System
            </td>
            <td>MegaOS: 3000</td>
          </tr>
          <tr>
            <td>
              <fa icon="microchip" fixed-width=""></fa> Processors
            </td>
            <td> x </td>
          </tr>
          <tr>
            <td>
              <fa icon="memory" fixed-width=""></fa> Memory
            </td>
            <td>1.15 GB</td>
          </tr>
          <tr>
            <td>
              <fa icon="flask" fixed-width=""></fa> Go Version
            </td>
            <td></td>
          </tr>
          <tr>
            <td>
              <fa icon="project-diagram" fixed-width=""></fa> Network Address
            </td>
            <td></td>
          </tr>
        </tbody>
      </table>
    </div>
  </div> <br>
  <div class="card">
    <div class="card-header bg-success h3">
      <fa icon="comment-dollar"></fa>&nbsp; Environment Variables
    </div>
    <div class="card-body">
      <table class="vartable">
        <tbody>
          <tr>
            <td>UNIT_TESTS</td>
            <td class="value">
              Are pointless
            </td>
          </tr>
        </tbody>
      </table>
    </div>
  </div>
</div>
`;
