// Jest Snapshot v1, https://goo.gl/fbAQLP

exports[`Spinner.vue renders a spinner 1`] = `
<div class="spinner">
  <div class="bounce1"></div>
  <div class="bounce2"></div>
  <div class="bounce3"></div>
</div>
`;
