// Jest Snapshot v1, https://goo.gl/fbAQLP

exports[`About.vue renders about screen 1`] = `
<div class="card border-light mb-3 rounded-3">
  <h4 class="card-header bg-info"><i class="fas fa-info-circle fa-fw"></i> About</h4>
  <div class="card-body">
    <div>Developed by Ben Coleman, 2018~2021</div>
    <ul class="list-group m-4">
      <li class="list-group-item d-flex justify-content-between align-items-center"> App Version <span class="badge bg-primary rounded-pill p-2">3.0.0</span></li>
      <li class="list-group-item d-flex justify-content-between align-items-center"> API Endpoint <span class="badge bg-primary rounded-pill p-2">/api</span></li>
    </ul>
  </div>
</div>
`;
