// Jest Snapshot v1, https://goo.gl/fbAQLP

exports[`Dial.vue renders a dial 1`] = `
<div class="card border-primary"><canvas height="0" width="0">22</canvas>
  <h5>Test Dial: 22<span>%</span></h5>
</div>
`;
